❌ <b>Test:</b> PracticeDetail<br/>
&nbsp;&nbsp; <b>URL:</b> https://www.zoetispets.com/en-gb/  <br/>
&nbsp;&nbsp; <b>Error:</b> expected [Zoetis Pets UK] but found [ERROR: The request could not be satisfied] <br/><br/>
❌ <b>Test:</b> PracticeDetail<br/>
&nbsp;&nbsp; <b>URL:</b> https://www.zoetispets.com/en-au/  <br/>
&nbsp;&nbsp; <b>Error:</b> expected [Zoetis Pets AU] but found [ERROR: The request could not be satisfied] <br/><br/>
❌ <b>Test:</b> PracticeDetail<br/>
&nbsp;&nbsp; <b>URL:</b> https://www.zoetispets.com/de-de/  <br/>
&nbsp;&nbsp; <b>Error:</b> expected [Zoetis Pets DE] but found [ERROR: The request could not be satisfied] <br/><br/>
❌ <b>Test:</b> PracticeDetail<br/>
&nbsp;&nbsp; <b>URL:</b> https://www.zoetispets.com/it-it/  <br/>
&nbsp;&nbsp; <b>Error:</b> expected [Zoetis Pets IT] but found [ERROR: The request could not be satisfied] <br/><br/>
❌ <b>Test:</b> PracticeDetail<br/>
&nbsp;&nbsp; <b>URL:</b> https://www.zoetispets.com/es-es/  <br/>
&nbsp;&nbsp; <b>Error:</b> expected [Zoetis Pets ES] but found [ERROR: The request could not be satisfied] <br/><br/>
❌ <b>Test:</b> PracticeDetail<br/>
&nbsp;&nbsp; <b>URL:</b> https://www.zoetispets.com/pl-pl/  <br/>
&nbsp;&nbsp; <b>Error:</b> expected [Zoetis Pets PL] but found [ERROR: The request could not be satisfied] <br/><br/>
❌ <b>Test:</b> PracticeDetail<br/>
&nbsp;&nbsp; <b>URL:</b> https://www.zoetispets.com/en-ca/  <br/>
&nbsp;&nbsp; <b>Error:</b> expected [Zoetis Pets CA] but found [ERROR: The request could not be satisfied] <br/><br/>
❌ <b>Test:</b> PracticeDetail<br/>
&nbsp;&nbsp; <b>URL:</b> https://www.zoetispets.com/fr-ca/  <br/>
&nbsp;&nbsp; <b>Error:</b> expected [Zoetis Pets CA] but found [ERROR: The request could not be satisfied] <br/><br/>
❌ <b>Test:</b> PracticeDetail<br/>
&nbsp;&nbsp; <b>URL:</b> https://www.zoetispets.com/pt-br/produtos/librela/  <br/>
&nbsp;&nbsp; <b>Error:</b> expected [Librela® para cães | Zoetis Pets] but found [ERROR: The request could not be satisfied] <br/><br/>
❌ <b>Test:</b> PracticeDetail<br/>
&nbsp;&nbsp; <b>URL:</b> https://www.zoetispets.com/en-gb/dog-healthcare/arthritis-quiz/  <br/>
&nbsp;&nbsp; <b>Error:</b> expected [Dog Arthritis Assessment | Zoetis Pets] but found [ERROR: The request could not be satisfied] <br/><br/>
❌ <b>Test:</b> PracticeDetail<br/>
&nbsp;&nbsp; <b>URL:</b> https://www.zoetispets.com/en-au/dog-healthcare/arthritis-quiz/  <br/>
&nbsp;&nbsp; <b>Error:</b> expected [Dog Arthritis Assessment | Zoetis Pets] but found [ERROR: The request could not be satisfied] <br/><br/>
❌ <b>Test:</b> PracticeDetail<br/>
&nbsp;&nbsp; <b>URL:</b> https://www.zoetispets.com/en-ca/dog-healthcare/arthritis-quiz/  <br/>
&nbsp;&nbsp; <b>Error:</b> expected [Dog Arthritis Assessment | Zoetis Pets] but found [ERROR: The request could not be satisfied] <br/><br/>
❌ <b>Test:</b> PracticeDetail<br/>
&nbsp;&nbsp; <b>URL:</b> https://www.zoetispets.com/en-gb/cat-healthcare/arthritis-quiz/  <br/>
&nbsp;&nbsp; <b>Error:</b> expected [Cat Arthritis Assessment | Zoetis Pets] but found [ERROR: The request could not be satisfied] <br/><br/>
❌ <b>Test:</b> PracticeDetail<br/>
&nbsp;&nbsp; <b>URL:</b> https://www.zoetispets.com/en-au/cat-healthcare/arthritis-quiz/  <br/>
&nbsp;&nbsp; <b>Error:</b> expected [Cat Arthritis Assessment | Zoetis Pets] but found [ERROR: The request could not be satisfied] <br/><br/>
❌ <b>Test:</b> PracticeDetail<br/>
&nbsp;&nbsp; <b>URL:</b> https://www.zoetispets.com/en-gb/dog-healthcare/skin-conditions-assessment/  <br/>
&nbsp;&nbsp; <b>Error:</b> expected [Dog Skin Conditions Assessment | Zoetis Pets] but found [ERROR: The request could not be satisfied] <br/><br/>
❌ <b>Test:</b> PracticeDetail<br/>
&nbsp;&nbsp; <b>URL:</b> https://www.zoetispets.com/en-au/dog-healthcare/skin-conditions-assessment/  <br/>
&nbsp;&nbsp; <b>Error:</b> expected [Dog Skin Conditions Assessment | Zoetis Pets] but found [ERROR: The request could not be satisfied] <br/><br/>
❌ <b>Test:</b> PracticeDetail<br/>
&nbsp;&nbsp; <b>URL:</b> https://www.zoetispets.com/en-ca/dog-healthcare/skin-conditions-assessment/  <br/>
&nbsp;&nbsp; <b>Error:</b> expected [Dog Skin Conditions Assessment | Zoetis Pets] but found [ERROR: The request could not be satisfied] <br/><br/>
❌ <b>Test:</b> PracticeDetail<br/>
&nbsp;&nbsp; <b>URL:</b> https://www.zoetispets.com/fr-ca/chien-soins/arthrose-quiz/  <br/>
&nbsp;&nbsp; <b>Error:</b> expected [Questionnaire sur l’arthrose du chien | Zoetis Pets] but found [ERROR: The request could not be satisfied] <br/><br/>
❌ <b>Test:</b> PracticeDetail<br/>
&nbsp;&nbsp; <b>URL:</b> https://www.zoetispets.com/fr-ca/chien-soins/dermatologie-evaluation/  <br/>
&nbsp;&nbsp; <b>Error:</b> expected [Évaluation de la peau du chien | Zoetis Pets] but found [ERROR: The request could not be satisfied] <br/><br/>
❌ <b>Test:</b> PracticeDetail<br/>
&nbsp;&nbsp; <b>URL:</b> https://www.zoetispets.com/de-de/hund-gesundheit/arthrose-quiz/  <br/>
&nbsp;&nbsp; <b>Error:</b> expected [Online-Test zu Arthrose beim Hund | Zoetis Pets] but found [ERROR: The request could not be satisfied] <br/><br/>
❌ <b>Test:</b> PracticeDetail<br/>
&nbsp;&nbsp; <b>URL:</b> https://www.zoetispets.com/de-de/hund-gesundheit/juckreiz-test/  <br/>
&nbsp;&nbsp; <b>Error:</b> expected [Hautprobleme beim Hund | Zoetis Pets] but found [ERROR: The request could not be satisfied] <br/><br/>
❌ <b>Test:</b> PracticeDetail<br/>
&nbsp;&nbsp; <b>URL:</b> https://www.zoetispets.com/es-es/perro-salud/artrosis-quiz/  <br/>
&nbsp;&nbsp; <b>Error:</b> expected [Evaluación de la artrosis en perros | Zoetis Pets] but found [ERROR: The request could not be satisfied] <br/><br/>
❌ <b>Test:</b> PracticeDetail<br/>
&nbsp;&nbsp; <b>URL:</b> https://www.zoetispets.com/es-es/perro-salud/problemas-de-piel-evaluacion/  <br/>
&nbsp;&nbsp; <b>Error:</b> expected [Evaluación de problemas de la piel en perros | Zoetis Pets] but found [ERROR: The request could not be satisfied] <br/><br/>
❌ <b>Test:</b> PracticeDetail<br/>
&nbsp;&nbsp; <b>URL:</b> https://www.zoetispets.com/it-it/salute-cane/dolore-articolare-quiz/  <br/>
&nbsp;&nbsp; <b>Error:</b> expected [Test del dolore articolare nel cane | Zoetis Pets] but found [ERROR: The request could not be satisfied] <br/><br/>
❌ <b>Test:</b> PracticeDetail<br/>
&nbsp;&nbsp; <b>URL:</b> https://www.zoetispets.com/it-it/salute-cane/segni-di-problemi-cutanei-risultato/  <br/>
&nbsp;&nbsp; <b>Error:</b> expected [Test del prurito del cane | Zoetis Pets] but found [ERROR: The request could not be satisfied] <br/><br/>
❌ <b>Test:</b> PracticeDetail<br/>
&nbsp;&nbsp; <b>URL:</b> https://www.zoetispets.com/pl-pl/ochrona-zdrowia-psa/artretyzm-quiz/  <br/>
&nbsp;&nbsp; <b>Error:</b> expected [Ankieta pod kątem osteoarthritis u psa | Zoetis Pets] but found [ERROR: The request could not be satisfied] <br/><br/>
❌ <b>Test:</b> PracticeDetail<br/>
&nbsp;&nbsp; <b>URL:</b> https://www.zoetispets.com/pl-pl/ochrona-zdrowia-psa/choroby-skory-u-psa-ocena/  <br/>
&nbsp;&nbsp; <b>Error:</b> expected [Ankieta dotycząca stanu skóry psa | Zoetis Pets] but found [ERROR: The request could not be satisfied] <br/><br/>
❌ <b>Test:</b> stageAuthTest<br/>
&nbsp;&nbsp; <b>URL:</b> N/A  <br/>
&nbsp;&nbsp; <b>Error:</b> Unexpected response code for stage auth check. expected [401] but found [403] <br/><br/>
